============================= test session starts =============================
platform win32 -- Python 3.11.9, pytest-8.3.4, pluggy-1.5.0 -- C:\Users\Owner\AppData\Local\Microsoft\WindowsApps\PythonSoftwareFoundation.Python.3.11_qbz5n2kfra8p0\python.exe
cachedir: .pytest_cache
rootdir: C:\Users\Owner\Desktop\GEMINI
plugins: anyio-4.9.0, cov-6.0.0, xdist-3.6.1
collecting ... collected 7 items

test_cronoslog.py::test_log_info FAILED                                  [ 14%]
test_cronoslog.py::test_log_warning FAILED                               [ 28%]
test_cronoslog.py::test_log_error FAILED                                 [ 42%]
test_cronoslog.py::test_log_level_filtering FAILED                       [ 57%]
